hi this is 
Last login: Sun Jul 16 11:01:21 on console
Laxmis-MacBook-Pro:~ laxmi$ git version
git version 2.10.1
Laxmis-MacBook-Pro:~ laxmi$ ls
AndroidStudioProjects	Dropbox			Public
Applications		Library			WebstormProjects
Desktop			Movies			application
Documents		Music			armcortexa.mlpkginstall
Downloads		Pictures
Laxmis-MacBook-Pro:~ laxmi$ mkdir GitT
Laxmis-MacBook-Pro:~ laxmi$ ls
AndroidStudioProjects	Dropbox			Pictures
Applications		GitT			Public
Desktop			Library			WebstormProjects
Documents		Movies			application
Downloads		Music			armcortexa.mlpkginstall
Laxmis-MacBook-Pro:~ laxmi$ cd GitT
Laxmis-MacBook-Pro:GitT laxmi$ ls -l
Laxmis-MacBook-Pro:GitT laxmi$ mkdir gitRepo
Laxmis-MacBook-Pro:GitT laxmi$ ls
gitRepo
Laxmis-MacBook-Pro:GitT laxmi$ cd gitRepo
Laxmis-MacBook-Pro:gitRepo laxmi$ git init
Initialized empty Git repository in /Users/laxmi/GitT/gitRepo/.git/
Laxmis-MacBook-Pro:gitRepo laxmi$ git status
On branch master

Initial commit

nothing to commit (create/copy files and use "git add" to track)
Laxmis-MacBook-Pro:gitRepo laxmi$ ls -a
.	..	.git
Laxmis-MacBook-Pro:gitRepo laxmi$ gedit hello.txt
-bash: gedit: command not found
Laxmis-MacBook-Pro:gitRepo laxmi$ nano hello.txt
Laxmis-MacBook-Pro:gitRepo laxmi$ ls
hello.txt
Laxmis-MacBook-Pro:gitRepo laxmi$ git status
On branch master

Initial commit

Untracked files:
  (use "git add <file>..." to include in what will be committed)

	hello.txt

nothing added to commit but untracked files present (use "git add" to track)
Laxmis-MacBook-Pro:gitRepo laxmi$ git add hello.txt
Laxmis-MacBook-Pro:gitRepo laxmi$ git status
On branch master

Initial commit

Changes to be committed:
  (use "git rm --cached <file>..." to unstage)

	new file:   hello.txt

Laxmis-MacBook-Pro:gitRepo laxmi$ git commit -m "message eg"
[master (root-commit) 63a1c24] message eg
 1 file changed, 0 insertions(+), 0 deletions(-)
 create mode 100644 hello.txt
Laxmis-MacBook-Pro:gitRepo laxmi$ git log
commit 63a1c2430b0b6bb583a388f2dccb8f35ba741484
Author: laxmikarki <karkee.laxmi@gmail.com>
Date:   Sun Jul 16 20:19:03 2017 +0300

    message eg
Laxmis-MacBook-Pro:gitRepo laxmi$ git config --global user.name "laxmikarki"
Laxmis-MacBook-Pro:gitRepo laxmi$ git config --global user.name karkee.laxmi@gmail.com
Laxmis-MacBook-Pro:gitRepo laxmi$ git branch -b
error: unknown switch `b'
usage: git branch [<options>] [-r | -a] [--merged | --no-merged]
   or: git branch [<options>] [-l] [-f] <branch-name> [<start-point>]
   or: git branch [<options>] [-r] (-d | -D) <branch-name>...
   or: git branch [<options>] (-m | -M) [<old-branch>] <new-branch>
   or: git branch [<options>] [-r | -a] [--points-at]

Generic options
    -v, --verbose         show hash and subject, give twice for upstream branch
    -q, --quiet           suppress informational messages
    -t, --track           set up tracking mode (see git-pull(1))
    --set-upstream        change upstream info
    -u, --set-upstream-to <upstream>
                          change the upstream info
    --unset-upstream      Unset the upstream info
    --color[=<when>]      use colored output
    -r, --remotes         act on remote-tracking branches
    --contains <commit>   print only branches that contain the commit
    --abbrev[=<n>]        use <n> digits to display SHA-1s

Specific git-branch actions:
    -a, --all             list both remote-tracking and local branches
    -d, --delete          delete fully merged branch
    -D                    delete branch (even if not merged)
    -m, --move            move/rename a branch and its reflog
    -M                    move/rename a branch, even if target exists
    --list                list branch names
    -l, --create-reflog   create the branch's reflog
    --edit-description    edit the description for the branch
    -f, --force           force creation, move/rename, deletion
    --merged <commit>     print only branches that are merged
    --no-merged <commit>  print only branches that are not merged
    --column[=<style>]    list branches in columns
    --sort <key>          field name to sort on
    --points-at <object>  print only branches of the object

Laxmis-MacBook-Pro:gitRepo laxmi$ git branch -b
error: unknown switch `b'
usage: git branch [<options>] [-r | -a] [--merged | --no-merged]
   or: git branch [<options>] [-l] [-f] <branch-name> [<start-point>]
   or: git branch [<options>] [-r] (-d | -D) <branch-name>...
   or: git branch [<options>] (-m | -M) [<old-branch>] <new-branch>
   or: git branch [<options>] [-r | -a] [--points-at]

Generic options
    -v, --verbose         show hash and subject, give twice for upstream branch
    -q, --quiet           suppress informational messages
    -t, --track           set up tracking mode (see git-pull(1))
    --set-upstream        change upstream info
    -u, --set-upstream-to <upstream>
                          change the upstream info
    --unset-upstream      Unset the upstream info
    --color[=<when>]      use colored output
    -r, --remotes         act on remote-tracking branches
    --contains <commit>   print only branches that contain the commit
    --abbrev[=<n>]        use <n> digits to display SHA-1s

Specific git-branch actions:
    -a, --all             list both remote-tracking and local branches
    -d, --delete          delete fully merged branch
    -D                    delete branch (even if not merged)
    -m, --move            move/rename a branch and its reflog
    -M                    move/rename a branch, even if target exists
    --list                list branch names
    -l, --create-reflog   create the branch's reflog
    --edit-description    edit the description for the branch
    -f, --force           force creation, move/rename, deletion
    --merged <commit>     print only branches that are merged
    --no-merged <commit>  print only branches that are not merged
    --column[=<style>]    list branches in columns
    --sort <key>          field name to sort on
    --points-at <object>  print only branches of the object

Laxmis-MacBook-Pro:gitRepo laxmi$ git branch -v
* master 63a1c24 message eg
Laxmis-MacBook-Pro:gitRepo laxmi$ git remote add origin1 https://github.com/laxmikarki/gitRepo.git
Laxmis-MacBook-Pro:gitRepo laxmi$ git remote -v
origin1	https://github.com/laxmikarki/gitRepo.git (fetch)
origin1	https://github.com/laxmikarki/gitRepo.git (push)
Laxmis-MacBook-Pro:gitRepo laxmi$ git push origin1 master
Username for 'https://github.com': laxmikarki
Password for 'https://laxmikarki@github.com': 
Counting objects: 3, done.
Writing objects: 100% (3/3), 212 bytes | 0 bytes/s, done.
Total 3 (delta 0), reused 0 (delta 0)
To https://github.com/laxmikarki/gitRepo.git
 * [new branch]      master -> master
Laxmis-MacBook-Pro:gitRepo laxmi$ 
Laxmis-MacBook-Pro:gitRepo laxmi$ cat hello.txt
Laxmis-MacBook-Pro:gitRepo laxmi$ git pull
fatal: No remote repository specified.  Please, specify either a URL or a
remote name from which new revisions should be fetched.
Laxmis-MacBook-Pro:gitRepo laxmi$ git pull hello.txt
fatal: Invalid gitfile format: hello.txt
fatal: Could not read from remote repository.

Please make sure you have the correct access rights
and the repository exists.
Laxmis-MacBook-Pro:gitRepo laxmi$ git pull origin1
remote: Counting objects: 6, done.
remote: Compressing objects: 100% (3/3), done.
remote: Total 6 (delta 0), reused 6 (delta 0), pack-reused 0
Unpacking objects: 100% (6/6), done.
From https://github.com/laxmikarki/gitRepo
   63a1c24..c21fb3d  master     -> origin1/master
You asked to pull from the remote 'origin1', but did not specify
a branch. Because this is not the default configured remote
for your current branch, you must specify a branch on the command line.
Laxmis-MacBook-Pro:gitRepo laxmi$ git pull origin1 master
From https://github.com/laxmikarki/gitRepo
 * branch            master     -> FETCH_HEAD
Updating 63a1c24..c21fb3d
Fast-forward
 hello.txt | 161 ++++++++++++++++++++++++++++++++++++++++++++++++++++++++++++++
 1 file changed, 161 insertions(+)
Laxmis-MacBook-Pro:gitRepo laxmi$ 